[mp3 @ 0x558aa00c4f00] Estimating duration from bitrate, this may be inaccurate
Input #0, mp3, from '025/r7-diagnostic/Vayera-4.mp3':
  Duration: 00:08:17.42, start: 0.000000, bitrate: 32 kb/s
  Stream #0:0: Audio: mp3, 44100 Hz, stereo, fltp, 32 kb/s
Stream mapping:
  Stream #0:0 -> #0:0 (mp3 (mp3float) -> pcm_s16le (native))
Output #0, null, to 'pipe:':
  Metadata:
    encoder         : Lavf60.16.100
  Stream #0:0: Audio: pcm_s16le, 44100 Hz, stereo, s16, 1411 kb/s
    Metadata:
      encoder         : Lavc60.31.102 pcm_s16le
size=       0kB time=00:00:00.00 bitrate=N/A speed=N/A    [silencedetect @ 0x558aa00ca8c0] silence_start: 0
[silencedetect @ 0x558aa00ca8c0] silence_end: 0.328617 | silence_duration: 0.328617
[silencedetect @ 0x558aa00ca8c0] silence_start: 0.462177
[silencedetect @ 0x558aa00ca8c0] silence_end: 0.682177 | silence_duration: 0.22
[silencedetect @ 0x558aa00ca8c0] silence_start: 0.714558
[silencedetect @ 0x558aa00ca8c0] silence_end: 0.876621 | silence_duration: 0.162063
[silencedetect @ 0x558aa00ca8c0] silence_start: 0.876712
[silencedetect @ 0x558aa00ca8c0] silence_end: 0.93746 | silence_duration: 0.0607483
[silencedetect @ 0x558aa00ca8c0] silence_start: 0.955782
[silencedetect @ 0x558aa00ca8c0] silence_end: 1.05209 | silence_duration: 0.0963039
[silencedetect @ 0x558aa00ca8c0] silence_start: 1.06701
[silencedetect @ 0x558aa00ca8c0] silence_end: 1.26129 | silence_duration: 0.194286
[silencedetect @ 0x558aa00ca8c0] silence_start: 1.26134
[silencedetect @ 0x558aa00ca8c0] silence_end: 1.64317 | silence_duration: 0.381837
[silencedetect @ 0x558aa00ca8c0] silence_start: 2.0612
[out#0/null @ 0x558aa00c6900] video:0kB audio:517kB subtitle:0kB other streams:0kB global headers:0kB muxing overhead: unknown
size=N/A time=00:00:02.97 bitrate=N/A speed= 459x    
[silencedetect @ 0x558aa00ca8c0] silence_end: 3 | silence_duration: 0.938798
