[mp3 @ 0x55991237df00] Estimating duration from bitrate, this may be inaccurate
Input #0, mp3, from '025/r7-diagnostic/Vayera-4.mp3':
  Duration: 00:08:17.42, start: 0.000000, bitrate: 32 kb/s
  Stream #0:0: Audio: mp3, 44100 Hz, stereo, fltp, 32 kb/s
Stream mapping:
  Stream #0:0 -> #0:0 (mp3 (mp3float) -> pcm_s16le (native))
Output #0, null, to 'pipe:':
  Metadata:
    encoder         : Lavf60.16.100
  Stream #0:0: Audio: pcm_s16le, 44100 Hz, stereo, s16, 1411 kb/s
    Metadata:
      encoder         : Lavc60.31.102 pcm_s16le
size=       0kB time=00:00:00.00 bitrate=N/A speed=N/A    [silencedetect @ 0x5599123838c0] silence_start: 0
[silencedetect @ 0x5599123838c0] silence_end: 0.319138 | silence_duration: 0.319138
[silencedetect @ 0x5599123838c0] silence_start: 0.517755
[silencedetect @ 0x5599123838c0] silence_end: 0.551995 | silence_duration: 0.0342404
[silencedetect @ 0x5599123838c0] silence_start: 1.32095
[silencedetect @ 0x5599123838c0] silence_end: 1.34998 | silence_duration: 0.0290249
[silencedetect @ 0x5599123838c0] silence_start: 2.12218
[silencedetect @ 0x5599123838c0] silence_end: 2.97642 | silence_duration: 0.85424
[out#0/null @ 0x55991237f900] video:0kB audio:517kB subtitle:0kB other streams:0kB global headers:0kB muxing overhead: unknown
size=N/A time=00:00:02.97 bitrate=N/A speed= 335x    
