[mp3 @ 0x560dc34a9ec0] Estimating duration from bitrate, this may be inaccurate
Input #0, mp3, from '027/source/Vayera-6.mp3':
  Duration: 00:02:21.32, start: 0.000000, bitrate: 32 kb/s
  Stream #0:0: Audio: mp3, 44100 Hz, stereo, fltp, 32 kb/s
Stream mapping:
  Stream #0:0 -> #0:0 (mp3 (mp3float) -> pcm_s16le (native))
Output #0, null, to 'pipe:':
  Metadata:
    encoder         : Lavf60.16.100
  Stream #0:0: Audio: pcm_s16le, 44100 Hz, stereo, s16, 1411 kb/s
    Metadata:
      encoder         : Lavc60.31.102 pcm_s16le
size=       0kB time=00:00:00.00 bitrate=N/A speed=N/A    [silencedetect @ 0x560dc34af940] silence_start: 0.0969388
[silencedetect @ 0x560dc34af940] silence_end: 0.297959 | silence_duration: 0.20102
[silencedetect @ 0x560dc34af940] silence_start: 0.298005
[silencedetect @ 0x560dc34af940] silence_end: 0.770771 | silence_duration: 0.472766
[silencedetect @ 0x560dc34af940] silence_start: 0.795873
[silencedetect @ 0x560dc34af940] silence_end: 0.955782 | silence_duration: 0.159909
[silencedetect @ 0x560dc34af940] silence_start: 0.955918
[silencedetect @ 0x560dc34af940] silence_end: 1.18478 | silence_duration: 0.228866
[silencedetect @ 0x560dc34af940] silence_start: 1.18488
[silencedetect @ 0x560dc34af940] silence_end: 2.04578 | silence_duration: 0.860907
[silencedetect @ 0x560dc34af940] silence_start: 2.04728
[silencedetect @ 0x560dc34af940] silence_end: 2.15465 | silence_duration: 0.10737
[silencedetect @ 0x560dc34af940] silence_start: 2.15467
[silencedetect @ 0x560dc34af940] silence_end: 3.1558 | silence_duration: 1.00113
[silencedetect @ 0x560dc34af940] silence_start: 5.35329
[silencedetect @ 0x560dc34af940] silence_end: 5.48685 | silence_duration: 0.13356
[silencedetect @ 0x560dc34af940] silence_start: 5.48698
[silencedetect @ 0x560dc34af940] silence_end: 5.96807 | silence_duration: 0.481088
[silencedetect @ 0x560dc34af940] silence_start: 8.20268
[silencedetect @ 0x560dc34af940] silence_end: 8.5778 | silence_duration: 0.375125
[silencedetect @ 0x560dc34af940] silence_start: 12.2968
[silencedetect @ 0x560dc34af940] silence_end: 12.6409 | silence_duration: 0.344127
[silencedetect @ 0x560dc34af940] silence_start: 16.4993
[silencedetect @ 0x560dc34af940] silence_end: 16.7802 | silence_duration: 0.280862
[silencedetect @ 0x560dc34af940] silence_start: 16.859
[silencedetect @ 0x560dc34af940] silence_end: 17.0953 | silence_duration: 0.236349
[silencedetect @ 0x560dc34af940] silence_start: 18.6616
[silencedetect @ 0x560dc34af940] silence_end: 19.146 | silence_duration: 0.484467
[silencedetect @ 0x560dc34af940] silence_start: 21.1333
[silencedetect @ 0x560dc34af940] silence_end: 21.2484 | silence_duration: 0.115034
[silencedetect @ 0x560dc34af940] silence_start: 21.8491
[silencedetect @ 0x560dc34af940] silence_end: 22.1033 | silence_duration: 0.254172
[silencedetect @ 0x560dc34af940] silence_start: 23.5906
[silencedetect @ 0x560dc34af940] silence_end: 23.7547 | silence_duration: 0.164059
[silencedetect @ 0x560dc34af940] silence_start: 25.4626
[silencedetect @ 0x560dc34af940] silence_end: 25.8251 | silence_duration: 0.362562
[silencedetect @ 0x560dc34af940] silence_start: 27.4936
[silencedetect @ 0x560dc34af940] silence_end: 27.715 | silence_duration: 0.221451
[silencedetect @ 0x560dc34af940] silence_start: 29.939
[silencedetect @ 0x560dc34af940] silence_end: 30.1093 | silence_duration: 0.170295
[silencedetect @ 0x560dc34af940] silence_start: 31.5879
[silencedetect @ 0x560dc34af940] silence_end: 31.9179 | silence_duration: 0.329977
[silencedetect @ 0x560dc34af940] silence_start: 34.501
[silencedetect @ 0x560dc34af940] silence_end: 35.0655 | silence_duration: 0.564444
[silencedetect @ 0x560dc34af940] silence_start: 38.3991
[silencedetect @ 0x560dc34af940] silence_end: 38.8426 | silence_duration: 0.443492
[silencedetect @ 0x560dc34af940] silence_start: 38.8428
[silencedetect @ 0x560dc34af940] silence_end: 39.1801 | silence_duration: 0.33737
[silencedetect @ 0x560dc34af940] silence_start: 41.5345
[silencedetect @ 0x560dc34af940] silence_end: 41.8548 | silence_duration: 0.320295
[silencedetect @ 0x560dc34af940] silence_start: 46.0273
[silencedetect @ 0x560dc34af940] silence_end: 47.5551 | silence_duration: 1.52782
[silencedetect @ 0x560dc34af940] silence_start: 50.6688
[silencedetect @ 0x560dc34af940] silence_end: 50.7815 | silence_duration: 0.112744
[silencedetect @ 0x560dc34af940] silence_start: 52.8805
[silencedetect @ 0x560dc34af940] silence_end: 53.3388 | silence_duration: 0.458299
[silencedetect @ 0x560dc34af940] silence_start: 54.975
[silencedetect @ 0x560dc34af940] silence_end: 55.3506 | silence_duration: 0.375556
[silencedetect @ 0x560dc34af940] silence_start: 57.7995
[silencedetect @ 0x560dc34af940] silence_end: 58.1406 | silence_duration: 0.341156
[silencedetect @ 0x560dc34af940] silence_start: 60.9097
[silencedetect @ 0x560dc34af940] silence_end: 61.2485 | silence_duration: 0.338866
[silencedetect @ 0x560dc34af940] silence_start: 63.6974
[silencedetect @ 0x560dc34af940] silence_end: 64.3943 | silence_duration: 0.696893
[silencedetect @ 0x560dc34af940] silence_start: 67.6986
[silencedetect @ 0x560dc34af940] silence_end: 68.0036 | silence_duration: 0.304943
[silencedetect @ 0x560dc34af940] silence_start: 69.6151
[silencedetect @ 0x560dc34af940] silence_end: 70.0038 | silence_duration: 0.388662
[silencedetect @ 0x560dc34af940] silence_start: 72.0646
[silencedetect @ 0x560dc34af940] silence_end: 73.2095 | silence_duration: 1.14492
[silencedetect @ 0x560dc34af940] silence_start: 73.2116
[silencedetect @ 0x560dc34af940] silence_end: 73.5442 | silence_duration: 0.332562
[silencedetect @ 0x560dc34af940] silence_start: 75.8089
[silencedetect @ 0x560dc34af940] silence_end: 76.2917 | silence_duration: 0.482744
[silencedetect @ 0x560dc34af940] silence_start: 77.7125
[silencedetect @ 0x560dc34af940] silence_end: 78.0284 | silence_duration: 0.315896
[silencedetect @ 0x560dc34af940] silence_start: 78.0299
[silencedetect @ 0x560dc34af940] silence_end: 78.12 | silence_duration: 0.0900227
[silencedetect @ 0x560dc34af940] silence_start: 80.54
[silencedetect @ 0x560dc34af940] silence_end: 81.3381 | silence_duration: 0.798186
[silencedetect @ 0x560dc34af940] silence_start: 83.579
[silencedetect @ 0x560dc34af940] silence_end: 84.1085 | silence_duration: 0.529546
[silencedetect @ 0x560dc34af940] silence_start: 86.0073
[silencedetect @ 0x560dc34af940] silence_end: 86.3037 | silence_duration: 0.29644
[silencedetect @ 0x560dc34af940] silence_start: 91.6001
[silencedetect @ 0x560dc34af940] silence_end: 92.5567 | silence_duration: 0.956599
[silencedetect @ 0x560dc34af940] silence_start: 93.6801
[silencedetect @ 0x560dc34af940] silence_end: 94.0733 | silence_duration: 0.393152
[silencedetect @ 0x560dc34af940] silence_start: 96.425
[silencedetect @ 0x560dc34af940] silence_end: 96.545 | silence_duration: 0.120023
[silencedetect @ 0x560dc34af940] silence_start: 97.9164
[silencedetect @ 0x560dc34af940] silence_end: 98.3045 | silence_duration: 0.388118
[silencedetect @ 0x560dc34af940] silence_start: 100.744
[silencedetect @ 0x560dc34af940] silence_end: 101.086 | silence_duration: 0.342245
[silencedetect @ 0x560dc34af940] silence_start: 103.71
[silencedetect @ 0x560dc34af940] silence_end: 104.137 | silence_duration: 0.42678
[silencedetect @ 0x560dc34af940] silence_start: 104.137
[silencedetect @ 0x560dc34af940] silence_end: 104.302 | silence_duration: 0.165215
[silencedetect @ 0x560dc34af940] silence_start: 104.302
[silencedetect @ 0x560dc34af940] silence_end: 104.383 | silence_duration: 0.0804989
[silencedetect @ 0x560dc34af940] silence_start: 105.893
[silencedetect @ 0x560dc34af940] silence_end: 106.081 | silence_duration: 0.187664
[silencedetect @ 0x560dc34af940] silence_start: 106.081
[silencedetect @ 0x560dc34af940] silence_end: 106.17 | silence_duration: 0.0886621
[silencedetect @ 0x560dc34af940] silence_start: 107.421
[silencedetect @ 0x560dc34af940] silence_end: 107.541 | silence_duration: 0.119977
[silencedetect @ 0x560dc34af940] silence_start: 109.651
[silencedetect @ 0x560dc34af940] silence_end: 109.917 | silence_duration: 0.265578
[silencedetect @ 0x560dc34af940] silence_start: 110.896
[silencedetect @ 0x560dc34af940] silence_end: 111.164 | silence_duration: 0.267415
[silencedetect @ 0x560dc34af940] silence_start: 113.445
[silencedetect @ 0x560dc34af940] silence_end: 113.621 | silence_duration: 0.175578
[silencedetect @ 0x560dc34af940] silence_start: 113.621
[silencedetect @ 0x560dc34af940] silence_end: 113.722 | silence_duration: 0.10127
[silencedetect @ 0x560dc34af940] silence_start: 116.554
[silencedetect @ 0x560dc34af940] silence_end: 116.655 | silence_duration: 0.101247
[silencedetect @ 0x560dc34af940] silence_start: 116.656
[silencedetect @ 0x560dc34af940] silence_end: 116.839 | silence_duration: 0.182585
[silencedetect @ 0x560dc34af940] silence_start: 116.839
[silencedetect @ 0x560dc34af940] silence_end: 117.174 | silence_duration: 0.33458
[silencedetect @ 0x560dc34af940] silence_start: 117.174
[silencedetect @ 0x560dc34af940] silence_end: 117.66 | silence_duration: 0.485624
[silencedetect @ 0x560dc34af940] silence_start: 124.934
[silencedetect @ 0x560dc34af940] silence_end: 125.292 | silence_duration: 0.35805
[silencedetect @ 0x560dc34af940] silence_start: 125.292
[silencedetect @ 0x560dc34af940] silence_end: 125.717 | silence_duration: 0.424694
[silencedetect @ 0x560dc34af940] silence_start: 127.978
[silencedetect @ 0x560dc34af940] silence_end: 128.214 | silence_duration: 0.235351
[silencedetect @ 0x560dc34af940] silence_start: 131.997
[silencedetect @ 0x560dc34af940] silence_end: 132.265 | silence_duration: 0.267506
[silencedetect @ 0x560dc34af940] silence_start: 132.304
[silencedetect @ 0x560dc34af940] silence_end: 132.59 | silence_duration: 0.285465
[silencedetect @ 0x560dc34af940] silence_start: 134.193
[silencedetect @ 0x560dc34af940] silence_end: 134.319 | silence_duration: 0.12576
[silencedetect @ 0x560dc34af940] silence_start: 135.694
[silencedetect @ 0x560dc34af940] silence_end: 135.946 | silence_duration: 0.251769
[silencedetect @ 0x560dc34af940] silence_start: 139.998
[silencedetect @ 0x560dc34af940] silence_end: 140.214 | silence_duration: 0.215397
[silencedetect @ 0x560dc34af940] silence_start: 140.248
[silencedetect @ 0x560dc34af940] silence_end: 140.35 | silence_duration: 0.101791
[silencedetect @ 0x560dc34af940] silence_start: 140.35
[silencedetect @ 0x560dc34af940] silence_end: 141.048 | silence_duration: 0.697143
[silencedetect @ 0x560dc34af940] silence_start: 141.048
[silencedetect @ 0x560dc34af940] silence_end: 141.143 | silence_duration: 0.0952608
[silencedetect @ 0x560dc34af940] silence_start: 141.24
[out#0/null @ 0x560dc34ab880] video:0kB audio:24345kB subtitle:0kB other streams:0kB global headers:0kB muxing overhead: unknown
size=N/A time=00:02:21.29 bitrate=N/A speed= 331x    
[silencedetect @ 0x560dc34af940] silence_end: 141.322 | silence_duration: 0.0823356
