labels=570 counts=570
For each boundary, expected is PocketTorah first-word label of next verse. Candidates are measured source silence intervals within ±2.5s.

Genesis-19-21 -> Genesis-19-22: old=12.721000 next-label=12.943298
  -20dB: 12.648900-12.793100 mid=12.721000 dur=0.144 delta=-0.222 ; 12.376100-12.479300 mid=12.427700 dur=0.103 delta=-0.516 ; 13.064100-14.079900 mid=13.572000 dur=1.016 delta=+0.629 ; 12.257600-12.369900 mid=12.313750 dur=0.112 delta=-0.630
  -26dB: 12.675500-12.778100 mid=12.726800 dur=0.103 delta=-0.216 ; 13.088500-14.055400 mid=13.571950 dur=0.967 delta=+0.629 ; 12.035100-12.141500 mid=12.088300 dur=0.106 delta=-0.855 ; 11.265500-11.370600 mid=11.318050 dur=0.105 delta=-1.625
  -30dB: 12.697300-12.773600 mid=12.735450 dur=0.076 delta=-0.208 ; 13.102300-14.035400 mid=13.568850 dur=0.933 delta=+0.626 ; 11.300400-11.370200 mid=11.335300 dur=0.070 delta=-1.608 ; 10.628500-10.748400 mid=10.688450 dur=0.120 delta=-2.255
  -34dB: 13.129300-14.035100 mid=13.582200 dur=0.906 delta=+0.639
  -38dB: 13.214900-13.292300 mid=13.253600 dur=0.077 delta=+0.310 ; 13.292300-13.342800 mid=13.317550 dur=0.051 delta=+0.374 ; 13.342900-13.416900 mid=13.379900 dur=0.074 delta=+0.437 ; 13.484600-13.552300 mid=13.518450 dur=0.068 delta=+0.575
  -42dB: NONE

Genesis-19-22 -> Genesis-19-23: old=24.691850 next-label=25.389194
  -20dB: 25.470600-26.258300 mid=25.864450 dur=0.788 delta=+0.475 ; 24.572600-24.811100 mid=24.691850 dur=0.238 delta=-0.697 ; 26.376900-26.529500 mid=26.453200 dur=0.153 delta=+1.064 ; 24.240600-24.309100 mid=24.274850 dur=0.069 delta=-1.114
  -26dB: 25.484500-26.253800 mid=25.869150 dur=0.769 delta=+0.480 ; 24.585300-24.804700 mid=24.695000 dur=0.219 delta=-0.694 ; 26.405400-26.479500 mid=26.442450 dur=0.074 delta=+1.053 ; 23.825600-23.929000 mid=23.877300 dur=0.103 delta=-1.512
  -30dB: 25.491500-26.253200 mid=25.872350 dur=0.762 delta=+0.483 ; 24.616600-24.755500 mid=24.686050 dur=0.139 delta=-0.703 ; 27.131200-27.258600 mid=27.194900 dur=0.127 delta=+1.806 ; 23.004000-23.437500 mid=23.220750 dur=0.433 delta=-2.168
  -34dB: 25.542700-26.242800 mid=25.892750 dur=0.700 delta=+0.504 ; 24.629500-24.689900 mid=24.659700 dur=0.060 delta=-0.729 ; 23.024600-23.437400 mid=23.231000 dur=0.413 delta=-2.158
  -38dB: 25.603200-25.657900 mid=25.630550 dur=0.055 delta=+0.241 ; 25.841900-25.901300 mid=25.871600 dur=0.059 delta=+0.482 ; 25.938800-26.039100 mid=25.988950 dur=0.100 delta=+0.600 ; 26.085300-26.203700 mid=26.144500 dur=0.118 delta=+0.755
  -42dB: NONE

Genesis-19-23 -> Genesis-19-24: old=29.634750 next-label=30.311824
  -20dB: 30.360700-31.240700 mid=30.800700 dur=0.880 delta=+0.489 ; 29.527400-29.742100 mid=29.634750 dur=0.215 delta=-0.677 ; 29.039400-29.306300 mid=29.172850 dur=0.267 delta=-1.139 ; 28.139300-28.600600 mid=28.369950 dur=0.461 delta=-1.942
  -26dB: 30.373300-31.232900 mid=30.803100 dur=0.860 delta=+0.491 ; 29.556200-29.740400 mid=29.648300 dur=0.184 delta=-0.664 ; 29.059000-29.305200 mid=29.182100 dur=0.246 delta=-1.130 ; 28.172900-28.588800 mid=28.380850 dur=0.416 delta=-1.931
  -30dB: 30.386600-31.176800 mid=30.781700 dur=0.790 delta=+0.470 ; 29.569100-29.674700 mid=29.621900 dur=0.106 delta=-0.690 ; 29.127600-29.305200 mid=29.216400 dur=0.178 delta=-1.095 ; 28.315100-28.586100 mid=28.450600 dur=0.271 delta=-1.861
  -34dB: 30.420800-31.175100 mid=30.797950 dur=0.754 delta=+0.486 ; 29.583400-29.635400 mid=29.609400 dur=0.052 delta=-0.702 ; 29.221200-29.300400 mid=29.260800 dur=0.079 delta=-1.051 ; 28.360100-28.525100 mid=28.442600 dur=0.165 delta=-1.869
  -38dB: 30.614600-30.701600 mid=30.658100 dur=0.087 delta=+0.346 ; 30.730500-30.838400 mid=30.784450 dur=0.108 delta=+0.473 ; 30.923900-30.982100 mid=30.953000 dur=0.058 delta=+0.641 ; 31.030500-31.082200 mid=31.056350 dur=0.052 delta=+0.745
  -42dB: NONE

Genesis-19-24 -> Genesis-19-25: old=40.961250 next-label=41.550283
  -20dB: 41.557000-42.329100 mid=41.943050 dur=0.772 delta=+0.393 ; 41.113900-41.177900 mid=41.145900 dur=0.064 delta=-0.404 ; 40.886800-41.035700 mid=40.961250 dur=0.149 delta=-0.589 ; 42.642400-42.787400 mid=42.714900 dur=0.145 delta=+1.165
  -26dB: 41.654200-42.313900 mid=41.984050 dur=0.660 delta=+0.434 ; 42.673500-42.784000 mid=42.728750 dur=0.111 delta=+1.178 ; 43.086000-43.140400 mid=43.113200 dur=0.054 delta=+1.563 ; 43.278600-43.344200 mid=43.311400 dur=0.066 delta=+1.761
  -30dB: 41.717800-42.305000 mid=42.011400 dur=0.587 delta=+0.461 ; 42.685900-42.776300 mid=42.731100 dur=0.090 delta=+1.181 ; 39.144300-39.523400 mid=39.333850 dur=0.379 delta=-2.216
  -34dB: 41.749900-42.031000 mid=41.890450 dur=0.281 delta=+0.340 ; 42.031100-42.296700 mid=42.163900 dur=0.266 delta=+0.614 ; 39.153100-39.520000 mid=39.336550 dur=0.367 delta=-2.214
  -38dB: 41.800800-41.874800 mid=41.837800 dur=0.074 delta=+0.288 ; 41.875000-41.933000 mid=41.904000 dur=0.058 delta=+0.354 ; 42.041700-42.097500 mid=42.069600 dur=0.056 delta=+0.519 ; 42.205500-42.292500 mid=42.249000 dur=0.087 delta=+0.699
  -42dB: NONE

Genesis-19-25 -> Genesis-19-26: old=50.639000 next-label=51.465203
  -20dB: 51.077600-51.157300 mid=51.117450 dur=0.080 delta=-0.348 ; 50.906600-50.987600 mid=50.947100 dur=0.081 delta=-0.518 ; 51.645100-52.499000 mid=52.072050 dur=0.854 delta=+0.607 ; 50.542900-50.735100 mid=50.639000 dur=0.192 delta=-0.826
  -26dB: 50.926000-50.981200 mid=50.953600 dur=0.055 delta=-0.512 ; 51.651500-52.493000 mid=52.072250 dur=0.842 delta=+0.607 ; 50.586800-50.725300 mid=50.656050 dur=0.139 delta=-0.809 ; 52.589900-52.688800 mid=52.639350 dur=0.099 delta=+1.174
  -30dB: 51.665600-52.492900 mid=52.079250 dur=0.827 delta=+0.614 ; 50.599800-50.723900 mid=50.661850 dur=0.124 delta=-0.803 ; 50.040000-50.159600 mid=50.099800 dur=0.120 delta=-1.365 ; 49.632200-49.927900 mid=49.780050 dur=0.296 delta=-1.685
  -34dB: 51.709400-52.490600 mid=52.100000 dur=0.781 delta=+0.635 ; 49.651700-49.905700 mid=49.778700 dur=0.254 delta=-1.687
  -38dB: 51.848300-51.916300 mid=51.882300 dur=0.068 delta=+0.417 ; 51.916400-52.013100 mid=51.964750 dur=0.097 delta=+0.500 ; 52.032600-52.110000 mid=52.071300 dur=0.077 delta=+0.606 ; 52.118500-52.180000 mid=52.149250 dur=0.062 delta=+0.684
  -42dB: NONE

Genesis-19-26 -> Genesis-19-27: old=56.299500 next-label=57.014772
  -20dB: 56.860800-58.496000 mid=57.678400 dur=1.635 delta=+0.664 ; 56.218200-56.380800 mid=56.299500 dur=0.163 delta=-0.715 ; 55.898000-56.105500 mid=56.001750 dur=0.207 delta=-1.013 ; 55.670200-55.871200 mid=55.770700 dur=0.201 delta=-1.244
  -26dB: 56.899800-58.495700 mid=57.697750 dur=1.596 delta=+0.683 ; 56.231900-56.293500 mid=56.262700 dur=0.062 delta=-0.752 ; 55.906200-56.099700 mid=56.002950 dur=0.194 delta=-1.012 ; 55.710900-55.811200 mid=55.761050 dur=0.100 delta=-1.254
  -30dB: 56.919500-58.494100 mid=57.706800 dur=1.575 delta=+0.692 ; 55.943200-56.049100 mid=55.996150 dur=0.106 delta=-1.019 ; 55.371700-55.438200 mid=55.404950 dur=0.067 delta=-1.610 ; 58.764800-58.816000 mid=58.790400 dur=0.051 delta=+1.776
  -34dB: 57.019000-58.492900 mid=57.755950 dur=1.474 delta=+0.741 ; 54.677000-55.062100 mid=54.869550 dur=0.385 delta=-2.145
  -38dB: 57.146200-57.215100 mid=57.180650 dur=0.069 delta=+0.166 ; 57.265900-57.331500 mid=57.298700 dur=0.066 delta=+0.284 ; 57.370300-57.430300 mid=57.400300 dur=0.060 delta=+0.386 ; 57.430400-57.515300 mid=57.472850 dur=0.085 delta=+0.458
  -42dB: NONE

Genesis-19-27 -> Genesis-19-28: old=65.887900 next-label=65.443616
  -20dB: 65.461400-66.314400 mid=65.887900 dur=0.853 delta=+0.444 ; 64.833900-64.916400 mid=64.875150 dur=0.082 delta=-0.568 ; 64.701700-64.763900 mid=64.732800 dur=0.062 delta=-0.711 ; 64.358500-64.417900 mid=64.388200 dur=0.059 delta=-1.055
  -26dB: 65.484500-66.309200 mid=65.896850 dur=0.825 delta=+0.453 ; 64.208000-64.346400 mid=64.277200 dur=0.138 delta=-1.166 ; 66.719000-66.808800 mid=66.763900 dur=0.090 delta=+1.320 ; 63.818500-64.079200 mid=63.948850 dur=0.261 delta=-1.495
  -30dB: 65.511700-66.292600 mid=65.902150 dur=0.781 delta=+0.459 ; 64.232500-64.343400 mid=64.287950 dur=0.111 delta=-1.156 ; 66.725800-66.807700 mid=66.766750 dur=0.082 delta=+1.323 ; 63.833600-64.077600 mid=63.955600 dur=0.244 delta=-1.488
  -34dB: 65.562600-66.289400 mid=65.926000 dur=0.727 delta=+0.482 ; 63.861100-64.058200 mid=63.959650 dur=0.197 delta=-1.484
  -38dB: 65.610600-65.685900 mid=65.648250 dur=0.075 delta=+0.205 ; 65.868600-65.926800 mid=65.897700 dur=0.058 delta=+0.454 ; 65.926900-65.986000 mid=65.956450 dur=0.059 delta=+0.513 ; 66.031900-66.111300 mid=66.071600 dur=0.079 delta=+0.628
  -42dB: NONE

Genesis-19-28 -> Genesis-19-29: old=79.918100 next-label=80.536586
  -20dB: 79.992500-80.171300 mid=80.081900 dur=0.179 delta=-0.455 ; 80.573900-81.430700 mid=81.002300 dur=0.857 delta=+0.466 ; 79.664900-79.992500 mid=79.828700 dur=0.328 delta=-0.708 ; 79.090200-79.240400 mid=79.165300 dur=0.150 delta=-1.371
  -26dB: 80.684400-81.426500 mid=81.055450 dur=0.742 delta=+0.519 ; 79.925900-79.984400 mid=79.955150 dur=0.058 delta=-0.581 ; 79.703700-79.817400 mid=79.760550 dur=0.114 delta=-0.776 ; 79.124600-79.232900 mid=79.178750 dur=0.108 delta=-1.358
  -30dB: 80.698000-81.423300 mid=81.060650 dur=0.725 delta=+0.524 ; 79.932700-79.984200 mid=79.958450 dur=0.052 delta=-0.578 ; 79.707500-79.814200 mid=79.760850 dur=0.107 delta=-0.776 ; 79.140400-79.200700 mid=79.170550 dur=0.060 delta=-1.366
  -34dB: 80.733200-81.402000 mid=81.067600 dur=0.669 delta=+0.531 ; 78.390800-78.756900 mid=78.573850 dur=0.366 delta=-1.963 ; 82.832100-83.160700 mid=82.996400 dur=0.329 delta=+2.460
  -38dB: 80.789100-80.856600 mid=80.822850 dur=0.067 delta=+0.286 ; 80.856800-80.908300 mid=80.882550 dur=0.051 delta=+0.346 ; 80.908400-80.995500 mid=80.951950 dur=0.087 delta=+0.415 ; 81.012800-81.108000 mid=81.060400 dur=0.095 delta=+0.524
  -42dB: NONE

Genesis-19-29 -> Genesis-19-30: old=96.016050 next-label=96.465475
  -20dB: 95.881200-96.150900 mid=96.016050 dur=0.270 delta=-0.449 ; 96.488600-97.691800 mid=97.090200 dur=1.203 delta=+0.625 ; 95.550700-95.629000 mid=95.589850 dur=0.078 delta=-0.876 ; 95.290900-95.411800 mid=95.351350 dur=0.121 delta=-1.114
  -26dB: 95.970400-96.099800 mid=96.035100 dur=0.129 delta=-0.430 ; 96.502700-97.691600 mid=97.097150 dur=1.189 delta=+0.632 ; 95.320100-95.411500 mid=95.365800 dur=0.091 delta=-1.100 ; 95.016900-95.112900 mid=95.064900 dur=0.096 delta=-1.401
  -30dB: 95.991000-96.064200 mid=96.027600 dur=0.073 delta=-0.438 ; 96.515700-97.623900 mid=97.069800 dur=1.108 delta=+0.604 ; 95.349400-95.406800 mid=95.378100 dur=0.057 delta=-1.087
  -34dB: 96.539300-96.593300 mid=96.566300 dur=0.054 delta=+0.101 ; 95.996500-96.059000 mid=96.027750 dur=0.062 delta=-0.438 ; 96.652300-97.622400 mid=97.137350 dur=0.970 delta=+0.672
  -38dB: 96.725600-96.839800 mid=96.782700 dur=0.114 delta=+0.317 ; 96.887000-96.983600 mid=96.935300 dur=0.097 delta=+0.470 ; 97.016300-97.109500 mid=97.062900 dur=0.093 delta=+0.597 ; 97.109600-97.190400 mid=97.150000 dur=0.081 delta=+0.685
  -42dB: NONE

Genesis-19-30 -> Genesis-19-31: old=112.848000 next-label=113.392822
  -20dB: 113.305000-114.211000 mid=113.758000 dur=0.906 delta=+0.365 ; 112.791000-112.905000 mid=112.848000 dur=0.114 delta=-0.545 ; 112.548000-112.613000 mid=112.580500 dur=0.065 delta=-0.812 ; 114.423000-114.558000 mid=114.490500 dur=0.135 delta=+1.098
  -26dB: 113.335000-114.204000 mid=113.769500 dur=0.869 delta=+0.377 ; 112.801000-112.903000 mid=112.852000 dur=0.102 delta=-0.541 ; 112.240000-112.383000 mid=112.311500 dur=0.143 delta=-1.081 ; 114.467000-114.558000 mid=114.512500 dur=0.091 delta=+1.120
  -30dB: 113.343000-113.753000 mid=113.548000 dur=0.410 delta=+0.155 ; 113.753000-114.153000 mid=113.953000 dur=0.400 delta=+0.560 ; 112.287000-112.374000 mid=112.330500 dur=0.087 delta=-1.062 ; 111.350000-111.706000 mid=111.528000 dur=0.356 delta=-1.865
  -34dB: 113.379000-113.751000 mid=113.565000 dur=0.372 delta=+0.172 ; 113.755000-114.142000 mid=113.948500 dur=0.387 delta=+0.556 ; 112.323000-112.373000 mid=112.348000 dur=0.050 delta=-1.045 ; 111.378000-111.702000 mid=111.540000 dur=0.324 delta=-1.853
  -38dB: 113.453000-113.555000 mid=113.504000 dur=0.102 delta=+0.111 ; 113.564000-113.659000 mid=113.611500 dur=0.095 delta=+0.219 ; 113.659000-113.729000 mid=113.694000 dur=0.070 delta=+0.301 ; 113.767000-113.884000 mid=113.825500 dur=0.117 delta=+0.433
  -42dB: NONE

Genesis-19-31 -> Genesis-19-32: old=124.669500 next-label=125.536858
  -20dB: 125.553000-126.425000 mid=125.989000 dur=0.872 delta=+0.452 ; 124.539000-124.800000 mid=124.669500 dur=0.261 delta=-0.867 ; 126.523000-126.651000 mid=126.587000 dur=0.128 delta=+1.050 ; 124.089000-124.192000 mid=124.140500 dur=0.103 delta=-1.396
  -26dB: 125.581000-126.392000 mid=125.986500 dur=0.811 delta=+0.450 ; 124.582000-124.798000 mid=124.690000 dur=0.216 delta=-0.847 ; 126.957000-127.258000 mid=127.107500 dur=0.301 delta=+1.571 ; 123.618000-124.050000 mid=123.834000 dur=0.432 delta=-1.703
  -30dB: 125.591000-126.384000 mid=125.987500 dur=0.793 delta=+0.451 ; 124.743000-124.798000 mid=124.770500 dur=0.055 delta=-0.766 ; 124.602000-124.740000 mid=124.671000 dur=0.138 delta=-0.866 ; 126.976000-127.252000 mid=127.114000 dur=0.276 delta=+1.577
  -34dB: 125.644000-126.381000 mid=126.012500 dur=0.737 delta=+0.476 ; 124.615000-124.729000 mid=124.672000 dur=0.114 delta=-0.865 ; 127.021000-127.250000 mid=127.135500 dur=0.229 delta=+1.599 ; 123.642000-124.043000 mid=123.842500 dur=0.401 delta=-1.694
  -38dB: 125.849000-125.949000 mid=125.899000 dur=0.100 delta=+0.362 ; 125.949000-126.208000 mid=126.078500 dur=0.259 delta=+0.542 ; 126.218000-126.381000 mid=126.299500 dur=0.163 delta=+0.763 ; 127.096000-127.166000 mid=127.131000 dur=0.070 delta=+1.594
  -42dB: NONE

Genesis-19-32 -> Genesis-19-33: old=134.749000 next-label=135.451779
  -20dB: 134.685000-134.813000 mid=134.749000 dur=0.128 delta=-0.703 ; 134.307000-134.372000 mid=134.339500 dur=0.065 delta=-1.112 ; 135.448000-138.520000 mid=136.984000 dur=3.072 delta=+1.532 ; 133.597000-133.691000 mid=133.644000 dur=0.094 delta=-1.808
  -26dB: 134.738000-134.802000 mid=134.770000 dur=0.064 delta=-0.682 ; 135.488000-138.515000 mid=137.001500 dur=3.027 delta=+1.550 ; 132.752000-133.360000 mid=133.056000 dur=0.608 delta=-2.396
  -30dB: 135.506000-138.515000 mid=137.010500 dur=3.009 delta=+1.559 ; 132.770000-133.359000 mid=133.064500 dur=0.589 delta=-2.387
  -34dB: 135.535000-138.513000 mid=137.024000 dur=2.978 delta=+1.572 ; 132.808000-133.356000 mid=133.082000 dur=0.548 delta=-2.370
  -38dB: 135.630000-135.704000 mid=135.667000 dur=0.074 delta=+0.215 ; 135.725000-135.905000 mid=135.815000 dur=0.180 delta=+0.363 ; 135.905000-136.092000 mid=135.998500 dur=0.187 delta=+0.547 ; 136.105000-136.230000 mid=136.167500 dur=0.125 delta=+0.716
  -42dB: NONE

